// Jest Snapshot v1, https://goo.gl/fbAQLP

exports[`Icon Check Icon renders correctly 1`] = `[Function]`;

exports[`Icon Close Icon renders correctly 1`] = `[Function]`;

exports[`Icon Delete Icon renders correctly 1`] = `[Function]`;

exports[`Icon Discord Icon renders correctly 1`] = `[Function]`;

exports[`Icon Dots Icon renders correctly 1`] = `[Function]`;

exports[`Icon Edit Icon renders correctly 1`] = `[Function]`;

exports[`Icon Email Icon renders correctly 1`] = `[Function]`;

exports[`Icon Filter Icon renders correctly 1`] = `[Function]`;

exports[`Icon GitHub Icon renders correctly 1`] = `[Function]`;

exports[`Icon LinkedIn Icon renders correctly 1`] = `[Function]`;

exports[`Icon Search Icon renders correctly 1`] = `[Function]`;

exports[`Icon Twitter Icon renders correctly 1`] = `[Function]`;

exports[`Icon Upload Icon renders correctly 1`] = `[Function]`;

exports[`Icon Vertical Dots Icon renders correctly 1`] = `[Function]`;
